============================= test session starts =============================
platform win32 -- Python 3.11.9, pytest-8.3.5, pluggy-1.5.0
rootdir: C:\Users\Jasper\PycharmProjects\OpenAIcoop2
configfile: pyproject.toml
plugins: anyio-4.9.0, hydra-core-1.3.2, cov-5.0.0, xdist-3.8.0
collected 0 items / 1 error

=================================== ERRORS ====================================
________________ ERROR collecting tests/test_decomposition.py _________________
ImportError while importing test module 'C:\Users\Jasper\PycharmProjects\OpenAIcoop2\tests\test_decomposition.py'.
Hint: make sure your test modules/packages have valid Python names.
Traceback:
..\..\AppData\Local\Programs\Python\Python311\Lib\importlib\__init__.py:126: in import_module
    return _bootstrap._gcd_import(name[level:], package, level)
tests\test_decomposition.py:5: in <module>
    from evolution.simulation.state import SimulationState
evolution\simulation\__init__.py:5: in <module>
    from .loop import run
evolution\simulation\loop.py:37: in <module>
    from ..entities.lifeform import Lifeform
evolution\entities\lifeform.py:32: in <module>
    from ..world.advanced_carcass import DecomposingCarcass
evolution\world\advanced_carcass.py:16: in <module>
    from ..simulation.telemetry import get_telemetry
E   ModuleNotFoundError: No module named 'evolution.simulation.telemetry'
============================== warnings summary ===============================
..\..\AppData\Local\Programs\Python\Python311\Lib\site-packages\pygame\pkgdata.py:25
  C:\Users\Jasper\AppData\Local\Programs\Python\Python311\Lib\site-packages\pygame\pkgdata.py:25: DeprecationWarning: pkg_resources is deprecated as an API. See https://setuptools.pypa.io/en/latest/pkg_resources.html
    from pkg_resources import resource_stream, resource_exists

..\..\AppData\Local\Programs\Python\Python311\Lib\site-packages\pkg_resources\__init__.py:3147
  C:\Users\Jasper\AppData\Local\Programs\Python\Python311\Lib\site-packages\pkg_resources\__init__.py:3147: DeprecationWarning: Deprecated call to `pkg_resources.declare_namespace('google')`.
  Implementing implicit namespace packages (as specified in PEP 420) is preferred to `pkg_resources.declare_namespace`. See https://setuptools.pypa.io/en/latest/references/keywords.html#keyword-namespace-packages
    declare_namespace(pkg)

..\..\AppData\Local\Programs\Python\Python311\Lib\site-packages\pkg_resources\__init__.py:3147
  C:\Users\Jasper\AppData\Local\Programs\Python\Python311\Lib\site-packages\pkg_resources\__init__.py:3147: DeprecationWarning: Deprecated call to `pkg_resources.declare_namespace('sphinxcontrib')`.
  Implementing implicit namespace packages (as specified in PEP 420) is preferred to `pkg_resources.declare_namespace`. See https://setuptools.pypa.io/en/latest/references/keywords.html#keyword-namespace-packages
    declare_namespace(pkg)

-- Docs: https://docs.pytest.org/en/stable/how-to/capture-warnings.html
=========================== short test summary info ===========================
ERROR tests/test_decomposition.py
!!!!!!!!!!!!!!!!!!! Interrupted: 1 error during collection !!!!!!!!!!!!!!!!!!!!
======================== 3 warnings, 1 error in 0.76s =========================
